F:\Thesis\TryNew22\implementation\system.ngc 1401807863
F:/Thesis/TryNew22/implementation/system_ppc405_0_wrapper.ngc 1401807835
F:/Thesis/TryNew22/implementation/system_plb_wrapper.ngc 1401807668
F:/Thesis/TryNew22/implementation/system_xps_bram_if_cntlr_1_wrapper.ngc 1401807677
F:/Thesis/TryNew22/implementation/system_plb_bram_if_cntlr_1_bram_wrapper.ngc 1401807683
F:/Thesis/TryNew22/implementation/system_leds_4bit_wrapper.ngc 1401807695
F:/Thesis/TryNew22/implementation/system_leds_positions_wrapper.ngc 1401807707
F:/Thesis/TryNew22/implementation/system_push_buttons_position_wrapper.ngc 1401807719
F:/Thesis/TryNew22/implementation/system_sysace_compactflash_wrapper.ngc 1401807728
F:/Thesis/TryNew22/implementation/system_sram_wrapper.ngc 1401807743
F:/Thesis/TryNew22/implementation/system_xps_timer_0_wrapper.ngc 1401807759
F:/Thesis/TryNew22/implementation/system_xps_timebase_wdt_0_wrapper.ngc 1401807770
F:/Thesis/TryNew22/implementation/system_clock_generator_0_wrapper.ngc 1401807839
F:/Thesis/TryNew22/implementation/system_jtagppc_cntlr_inst_wrapper.ngc 1401807782
F:/Thesis/TryNew22/implementation/system_proc_sys_reset_0_wrapper.ngc 1401807788
F:/Thesis/TryNew22/implementation/system_mdm_0_wrapper.ngc 1401807798
F:/Thesis/TryNew22/implementation/system_my_newip_22_0_wrapper.ngc 1401807843
OK
